{
  "Survivors": [
    {
      "X": 5,
      "Y": 8
    },
    {
      "X": 6,
      "Y": 6
    },
    {
      "X": 6,
      "Y": 8
    },
    {
      "X": 6,
      "Y": 7
    },
    {
      "X": 4,
      "Y": 7
    }
  ]
}
